// Jest Snapshot v1, https://goo.gl/fbAQLP

exports[`Private component renders correctly 1`] = `null`;
