// Jest Snapshot v1, https://goo.gl/fbAQLP

exports[`Favorites list renders correctly 1`] = `
<div
  className="user-page"
>
  <header
    className="page-header user-page__head"
  >
    <div
      className="logo"
    >
      <a
        className="logo__link"
        href="/"
        onClick={[Function]}
      >
        <span
          className="logo__letter logo__letter--1"
        >
          W
        </span>
        <span
          className="logo__letter logo__letter--2"
        >
          T
        </span>
        <span
          className="logo__letter logo__letter--3"
        >
          W
        </span>
      </a>
    </div>
    <h1
      className="page-title user-page__title"
    >
      My list
    </h1>
    <div
      className="user-block"
    >
      <div
        className="user-block__avatar"
      >
        <img
          alt="User avatar"
          height="63"
          src="/img/avatar.jpg"
          width="63"
        />
      </div>
    </div>
  </header>
  <section
    className="catalog"
  >
    <h2
      className="catalog__title visually-hidden"
    >
      Catalog
    </h2>
    <div
      className="catalog__movies-list"
    >
      <a
        className="small-movie-card catalog__movies-card small-movie-card__link"
        href="/films/0"
        onClick={[Function]}
        onMouseOut={[Function]}
        onMouseOver={[Function]}
      >
        <div
          className="small-movie-card__image"
        >
          <img
            alt="Fantastic Beasts: The Crimes of Grindelwald"
            height="175"
            src="img/fantastic-beasts-the-crimes-of-grindelwald.jpg"
            width="280"
          />
        </div>
        <h3
          className="small-movie-card__title"
        >
          <div
            className="small-movie-card__link"
          >
            Fantastic Beasts: The Crimes of Grindelwald
          </div>
        </h3>
      </a>
      <a
        className="small-movie-card catalog__movies-card small-movie-card__link"
        href="/films/1"
        onClick={[Function]}
        onMouseOut={[Function]}
        onMouseOver={[Function]}
      >
        <div
          className="small-movie-card__image"
        >
          <img
            alt="Bohemian Rhapsody"
            height="175"
            src="img/bohemian-rhapsody.jpg"
            width="280"
          />
        </div>
        <h3
          className="small-movie-card__title"
        >
          <div
            className="small-movie-card__link"
          >
            Bohemian Rhapsody
          </div>
        </h3>
      </a>
      <a
        className="small-movie-card catalog__movies-card small-movie-card__link"
        href="/films/0"
        onClick={[Function]}
        onMouseOut={[Function]}
        onMouseOver={[Function]}
      >
        <div
          className="small-movie-card__image"
        >
          <img
            alt="Fantastic Beasts: The Crimes of Grindelwald"
            height="175"
            src="img/fantastic-beasts-the-crimes-of-grindelwald.jpg"
            width="280"
          />
        </div>
        <h3
          className="small-movie-card__title"
        >
          <div
            className="small-movie-card__link"
          >
            Fantastic Beasts: The Crimes of Grindelwald
          </div>
        </h3>
      </a>
      <a
        className="small-movie-card catalog__movies-card small-movie-card__link"
        href="/films/0"
        onClick={[Function]}
        onMouseOut={[Function]}
        onMouseOver={[Function]}
      >
        <div
          className="small-movie-card__image"
        >
          <img
            alt="Fantastic Beasts: The Crimes of Grindelwald"
            height="175"
            src="img/fantastic-beasts-the-crimes-of-grindelwald.jpg"
            width="280"
          />
        </div>
        <h3
          className="small-movie-card__title"
        >
          <div
            className="small-movie-card__link"
          >
            Fantastic Beasts: The Crimes of Grindelwald
          </div>
        </h3>
      </a>
      <a
        className="small-movie-card catalog__movies-card small-movie-card__link"
        href="/films/0"
        onClick={[Function]}
        onMouseOut={[Function]}
        onMouseOver={[Function]}
      >
        <div
          className="small-movie-card__image"
        >
          <img
            alt="Fantastic Beasts: The Crimes of Grindelwald"
            height="175"
            src="img/fantastic-beasts-the-crimes-of-grindelwald.jpg"
            width="280"
          />
        </div>
        <h3
          className="small-movie-card__title"
        >
          <div
            className="small-movie-card__link"
          >
            Fantastic Beasts: The Crimes of Grindelwald
          </div>
        </h3>
      </a>
      <a
        className="small-movie-card catalog__movies-card small-movie-card__link"
        href="/films/0"
        onClick={[Function]}
        onMouseOut={[Function]}
        onMouseOver={[Function]}
      >
        <div
          className="small-movie-card__image"
        >
          <img
            alt="Fantastic Beasts: The Crimes of Grindelwald"
            height="175"
            src="img/fantastic-beasts-the-crimes-of-grindelwald.jpg"
            width="280"
          />
        </div>
        <h3
          className="small-movie-card__title"
        >
          <div
            className="small-movie-card__link"
          >
            Fantastic Beasts: The Crimes of Grindelwald
          </div>
        </h3>
      </a>
      <a
        className="small-movie-card catalog__movies-card small-movie-card__link"
        href="/films/0"
        onClick={[Function]}
        onMouseOut={[Function]}
        onMouseOver={[Function]}
      >
        <div
          className="small-movie-card__image"
        >
          <img
            alt="Fantastic Beasts: The Crimes of Grindelwald"
            height="175"
            src="img/fantastic-beasts-the-crimes-of-grindelwald.jpg"
            width="280"
          />
        </div>
        <h3
          className="small-movie-card__title"
        >
          <div
            className="small-movie-card__link"
          >
            Fantastic Beasts: The Crimes of Grindelwald
          </div>
        </h3>
      </a>
      <a
        className="small-movie-card catalog__movies-card small-movie-card__link"
        href="/films/0"
        onClick={[Function]}
        onMouseOut={[Function]}
        onMouseOver={[Function]}
      >
        <div
          className="small-movie-card__image"
        >
          <img
            alt="Fantastic Beasts: The Crimes of Grindelwald"
            height="175"
            src="img/fantastic-beasts-the-crimes-of-grindelwald.jpg"
            width="280"
          />
        </div>
        <h3
          className="small-movie-card__title"
        >
          <div
            className="small-movie-card__link"
          >
            Fantastic Beasts: The Crimes of Grindelwald
          </div>
        </h3>
      </a>
      <a
        className="small-movie-card catalog__movies-card small-movie-card__link"
        href="/films/0"
        onClick={[Function]}
        onMouseOut={[Function]}
        onMouseOver={[Function]}
      >
        <div
          className="small-movie-card__image"
        >
          <img
            alt="Fantastic Beasts: The Crimes of Grindelwald"
            height="175"
            src="img/fantastic-beasts-the-crimes-of-grindelwald.jpg"
            width="280"
          />
        </div>
        <h3
          className="small-movie-card__title"
        >
          <div
            className="small-movie-card__link"
          >
            Fantastic Beasts: The Crimes of Grindelwald
          </div>
        </h3>
      </a>
    </div>
  </section>
  <footer
    className="page-footer"
  >
    <div
      className="logo"
    >
      <a
        className="logo__link logo__link--light"
        href="/"
        onClick={[Function]}
      >
        <span
          className="logo__letter logo__letter--1"
        >
          W
        </span>
        <span
          className="logo__letter logo__letter--2"
        >
          T
        </span>
        <span
          className="logo__letter logo__letter--3"
        >
          W
        </span>
      </a>
    </div>
    <div
      className="copyright"
    >
      <p>
        Â© 2019 What to watch Ltd.
      </p>
    </div>
  </footer>
</div>
`;
