// Jest Snapshot v1, https://goo.gl/fbAQLP

exports[`Film card renders correctly 1`] = `
<a
  className="small-movie-card catalog__movies-card small-movie-card__link"
  href="/films/undefined"
  onClick={[Function]}
  onMouseOut={[Function]}
  onMouseOver={[Function]}
>
  <div
    className="small-movie-card__image"
  >
    <img
      alt="Fantastic Beasts: The Crimes of Grindelwald"
      height="175"
      src="img/fantastic-beasts-the-crimes-of-grindelwald.jpg"
      width="280"
    />
  </div>
  <h3
    className="small-movie-card__title"
  >
    <div
      className="small-movie-card__link"
    >
      Fantastic Beasts: The Crimes of Grindelwald
    </div>
  </h3>
</a>
`;
