// Jest Snapshot v1, https://goo.gl/fbAQLP

exports[`Video-player renders correctly 1`] = `
<video
  height="175"
  width="280"
/>
`;
