// Jest Snapshot v1, https://goo.gl/fbAQLP

exports[`Films list renders correctly 1`] = `
<div
  className="catalog__movies-list"
>
  <a
    className="small-movie-card catalog__movies-card small-movie-card__link"
    href="/films/0"
    onClick={[Function]}
    onMouseOut={[Function]}
    onMouseOver={[Function]}
  >
    <div
      className="small-movie-card__image"
    >
      <img
        alt="Fantastic Beasts: The Crimes of Grindelwald"
        height="175"
        src="img/fantastic-beasts-the-crimes-of-grindelwald.jpg"
        width="280"
      />
    </div>
    <h3
      className="small-movie-card__title"
    >
      <span
        className="small-movie-card__link"
        onClick={[Function]}
      >
        Fantastic Beasts: The Crimes of Grindelwald
      </span>
    </h3>
  </a>
  <a
    className="small-movie-card catalog__movies-card small-movie-card__link"
    href="/films/1"
    onClick={[Function]}
    onMouseOut={[Function]}
    onMouseOver={[Function]}
  >
    <div
      className="small-movie-card__image"
    >
      <img
        alt="Bohemian Rhapsody"
        height="175"
        src="img/bohemian-rhapsody.jpg"
        width="280"
      />
    </div>
    <h3
      className="small-movie-card__title"
    >
      <span
        className="small-movie-card__link"
        onClick={[Function]}
      >
        Bohemian Rhapsody
      </span>
    </h3>
  </a>
  <a
    className="small-movie-card catalog__movies-card small-movie-card__link"
    href="/films/0"
    onClick={[Function]}
    onMouseOut={[Function]}
    onMouseOver={[Function]}
  >
    <div
      className="small-movie-card__image"
    >
      <img
        alt="Fantastic Beasts: The Crimes of Grindelwald"
        height="175"
        src="img/fantastic-beasts-the-crimes-of-grindelwald.jpg"
        width="280"
      />
    </div>
    <h3
      className="small-movie-card__title"
    >
      <span
        className="small-movie-card__link"
        onClick={[Function]}
      >
        Fantastic Beasts: The Crimes of Grindelwald
      </span>
    </h3>
  </a>
  <a
    className="small-movie-card catalog__movies-card small-movie-card__link"
    href="/films/0"
    onClick={[Function]}
    onMouseOut={[Function]}
    onMouseOver={[Function]}
  >
    <div
      className="small-movie-card__image"
    >
      <img
        alt="Fantastic Beasts: The Crimes of Grindelwald"
        height="175"
        src="img/fantastic-beasts-the-crimes-of-grindelwald.jpg"
        width="280"
      />
    </div>
    <h3
      className="small-movie-card__title"
    >
      <span
        className="small-movie-card__link"
        onClick={[Function]}
      >
        Fantastic Beasts: The Crimes of Grindelwald
      </span>
    </h3>
  </a>
  <a
    className="small-movie-card catalog__movies-card small-movie-card__link"
    href="/films/0"
    onClick={[Function]}
    onMouseOut={[Function]}
    onMouseOver={[Function]}
  >
    <div
      className="small-movie-card__image"
    >
      <img
        alt="Fantastic Beasts: The Crimes of Grindelwald"
        height="175"
        src="img/fantastic-beasts-the-crimes-of-grindelwald.jpg"
        width="280"
      />
    </div>
    <h3
      className="small-movie-card__title"
    >
      <span
        className="small-movie-card__link"
        onClick={[Function]}
      >
        Fantastic Beasts: The Crimes of Grindelwald
      </span>
    </h3>
  </a>
  <a
    className="small-movie-card catalog__movies-card small-movie-card__link"
    href="/films/0"
    onClick={[Function]}
    onMouseOut={[Function]}
    onMouseOver={[Function]}
  >
    <div
      className="small-movie-card__image"
    >
      <img
        alt="Fantastic Beasts: The Crimes of Grindelwald"
        height="175"
        src="img/fantastic-beasts-the-crimes-of-grindelwald.jpg"
        width="280"
      />
    </div>
    <h3
      className="small-movie-card__title"
    >
      <span
        className="small-movie-card__link"
        onClick={[Function]}
      >
        Fantastic Beasts: The Crimes of Grindelwald
      </span>
    </h3>
  </a>
  <a
    className="small-movie-card catalog__movies-card small-movie-card__link"
    href="/films/0"
    onClick={[Function]}
    onMouseOut={[Function]}
    onMouseOver={[Function]}
  >
    <div
      className="small-movie-card__image"
    >
      <img
        alt="Fantastic Beasts: The Crimes of Grindelwald"
        height="175"
        src="img/fantastic-beasts-the-crimes-of-grindelwald.jpg"
        width="280"
      />
    </div>
    <h3
      className="small-movie-card__title"
    >
      <span
        className="small-movie-card__link"
        onClick={[Function]}
      >
        Fantastic Beasts: The Crimes of Grindelwald
      </span>
    </h3>
  </a>
  <a
    className="small-movie-card catalog__movies-card small-movie-card__link"
    href="/films/0"
    onClick={[Function]}
    onMouseOut={[Function]}
    onMouseOver={[Function]}
  >
    <div
      className="small-movie-card__image"
    >
      <img
        alt="Fantastic Beasts: The Crimes of Grindelwald"
        height="175"
        src="img/fantastic-beasts-the-crimes-of-grindelwald.jpg"
        width="280"
      />
    </div>
    <h3
      className="small-movie-card__title"
    >
      <span
        className="small-movie-card__link"
        onClick={[Function]}
      >
        Fantastic Beasts: The Crimes of Grindelwald
      </span>
    </h3>
  </a>
</div>
`;
